../Core/Src/main.cpp:42:2:ButtonLED::ButtonLED(GPIO_TypeDef*, uint16_t)	24	static
../Core/Src/main.cpp:49:7:bool ButtonLED::checkClocked()	24	static
../Core/Src/main.cpp:98:5:int main()	8	static
../Core/Src/main.cpp:158:6:void SystemClock_Config()	88	static
../Core/Src/main.cpp:209:6:void MPU_Config()	24	static
../Core/Src/main.cpp:240:6:void Error_Handler()	4	static,ignoring_inline_asm
../Core/Src/main.cpp:249:1:void __static_initialization_and_destruction_0()	8	static
../Core/Src/main.cpp:249:1:cpp)	8	static
