../Core/Src/main.c:96:5:main	8	static
../Core/Src/main.c:147:6:SystemClock_Config	88	static
../Core/Src/main.c:197:13:MX_ETH_Init	8	static
../Core/Src/main.c:246:13:MX_I2C1_Init	8	static
../Core/Src/main.c:294:13:MX_USART3_UART_Init	8	static
../Core/Src/main.c:329:13:MX_USB_OTG_FS_PCD_Init	8	static
../Core/Src/main.c:364:13:MX_GPIO_Init	56	static
../Core/Src/main.c:424:6:HAL_GPIO_EXTI_Callback	16	static
../Core/Src/main.c:434:6:MPU_Config	24	static
../Core/Src/main.c:465:6:Error_Handler	4	static,ignoring_inline_asm
