../Core/Src/main.cpp:96:5:int main()	8	static
../Core/Src/main.cpp:155:17:void SystemClock_Config()	88	static
../Core/Src/main.cpp:205:16:int _write(int, char*, int)	24	static
../Core/Src/main.cpp:226:6:void HAL_GPIO_EXTI_Callback(uint16_t)	32	static,ignoring_inline_asm
../Core/Src/main.cpp:258:6:void MPU_Config()	24	static
../Core/Src/main.cpp:290:17:void Error_Handler()	4	static,ignoring_inline_asm
../Core/Src/main.cpp:299:1:void __static_initialization_and_destruction_0()	64	static
../Core/Src/main.cpp:299:1:void __static_initialization_and_destruction_1()	8	static
../Core/Src/main.cpp:299:1:cpp)	8	static
../Core/Src/main.cpp:299:1:cpp)	8	static
