../Drivers/CMSIS/Include/core_cm7.h:2427:22:SCB_CleanInvalidateDCache	24	static,ignoring_inline_asm
../Core/Src/main.c:69:6:FLASH_erase	40	static
../Core/Src/main.c:82:10:Flash_Write_Data	40	static
../Core/Src/main.c:103:6:Flash_Read_Data	24	static
../Core/Src/main.c:112:6:Convert_To_Str	32	static
../Core/Src/main.c:124:5:main	8	static,ignoring_inline_asm
../Core/Src/main.c:200:6:SystemClock_Config	88	static
../Core/Src/main.c:251:6:MPU_Config	24	static
../Core/Src/main.c:282:6:Error_Handler	4	static,ignoring_inline_asm
