../Drivers/CMSIS/Include/core_cm7.h:2606:26:ITM_SendChar	16	static,ignoring_inline_asm
../Core/Src/main.c:96:5:main	8	static
../Core/Src/main.c:238:6:SystemClock_Config	88	static
../Core/Src/main.c:288:13:MX_ETH_Init	8	static
../Core/Src/main.c:337:13:MX_I2C1_Init	8	static
../Core/Src/main.c:385:13:MX_USART3_UART_Init	8	static
../Core/Src/main.c:420:13:MX_USB_OTG_FS_PCD_Init	8	static
../Core/Src/main.c:455:13:MX_GPIO_Init	56	static
../Core/Src/main.c:508:5:__io_putchar	16	static
../Core/Src/main.c:517:6:MPU_Config	24	static
../Core/Src/main.c:548:6:Error_Handler	4	static,ignoring_inline_asm
