../Drivers/CMSIS/Include/core_cm7.h:2606:26:ITM_SendChar	16	static,ignoring_inline_asm
../Core/Src/main.c:96:5:main	24	static
../Core/Src/main.c:206:6:SystemClock_Config	88	static
../Core/Src/main.c:256:13:MX_ETH_Init	8	static
../Core/Src/main.c:305:13:MX_I2C1_Init	8	static
../Core/Src/main.c:353:13:MX_USART3_UART_Init	8	static
../Core/Src/main.c:388:13:MX_USB_OTG_FS_PCD_Init	8	static
../Core/Src/main.c:423:13:MX_GPIO_Init	56	static
../Core/Src/main.c:476:5:__io_putchar	16	static
../Core/Src/main.c:485:6:MPU_Config	24	static
../Core/Src/main.c:516:6:Error_Handler	4	static,ignoring_inline_asm
